2023-02-16 17:01:15.102  INFO 49009 --- [main] c.e.shoppingapp.ShoppingAppApplication   : Starting ShoppingAppApplication using Java 18 on ShiyideMBP.attlocal.net with PID 49009 (/Users/shiyi/Desktop/B_hw/Week4Day5 - Shiyi Zhang/ShoppingApp/target/classes started by shiyi in /Users/shiyi/Desktop/B_hw/Week4Day5 - Shiyi Zhang/ShoppingApp)
2023-02-16 17:01:15.103  INFO 49009 --- [main] c.e.shoppingapp.ShoppingAppApplication   : No active profile set, falling back to 1 default profile: "default"
2023-02-16 17:01:15.776  INFO 49009 --- [main] o.s.b.w.embedded.tomcat.TomcatWebServer  : Tomcat initialized with port(s): 8080 (http)
2023-02-16 17:01:15.780  INFO 49009 --- [main] o.apache.catalina.core.StandardService   : Starting service [Tomcat]
2023-02-16 17:01:15.780  INFO 49009 --- [main] org.apache.catalina.core.StandardEngine  : Starting Servlet engine: [Apache Tomcat/9.0.65]
2023-02-16 17:01:15.816  INFO 49009 --- [main] o.a.c.c.C.[Tomcat].[localhost].[/]       : Initializing Spring embedded WebApplicationContext
2023-02-16 17:01:15.816  INFO 49009 --- [main] w.s.c.ServletWebServerApplicationContext : Root WebApplicationContext: initialization completed in 695 ms
2023-02-16 17:01:16.055  WARN 49009 --- [main] JpaBaseConfiguration$JpaWebConfiguration : spring.jpa.open-in-view is enabled by default. Therefore, database queries may be performed during view rendering. Explicitly configure spring.jpa.open-in-view to disable this warning
2023-02-16 17:01:16.126  INFO 49009 --- [main] org.hibernate.Version                    : HHH000412: Hibernate Core {5.3.14.Final}
2023-02-16 17:01:16.126  INFO 49009 --- [main] org.hibernate.cfg.Environment            : HHH000206: hibernate.properties not found
2023-02-16 17:01:16.196  INFO 49009 --- [main] o.hibernate.annotations.common.Version   : HCANN000001: Hibernate Commons Annotations {5.0.4.Final}
2023-02-16 17:01:16.307  INFO 49009 --- [main] org.hibernate.dialect.Dialect            : HHH000400: Using dialect: org.hibernate.dialect.MySQLDialect
2023-02-16 17:01:16.881  INFO 49009 --- [main] o.s.s.web.DefaultSecurityFilterChain     : Will secure any request with [org.springframework.security.web.session.DisableEncodeUrlFilter@4e1104f4, org.springframework.security.web.context.request.async.WebAsyncManagerIntegrationFilter@76219fe, org.springframework.security.web.context.SecurityContextPersistenceFilter@3e1c5e0d, org.springframework.security.web.header.HeaderWriterFilter@59d09ff3, org.springframework.security.web.authentication.logout.LogoutFilter@517d9cd5, com.example.shoppingapp.security.JwtFilter@3fa7df1, org.springframework.security.web.savedrequest.RequestCacheAwareFilter@29bf90fc, org.springframework.security.web.servletapi.SecurityContextHolderAwareRequestFilter@24ee6faa, org.springframework.security.web.authentication.AnonymousAuthenticationFilter@5eff5e4c, org.springframework.security.web.session.SessionManagementFilter@eb6ccbc, org.springframework.security.web.access.ExceptionTranslationFilter@2de07c57, org.springframework.security.web.access.intercept.FilterSecurityInterceptor@79ae3fb1]
2023-02-16 17:01:16.893  INFO 49009 --- [main] o.s.b.a.e.web.EndpointLinksResolver      : Exposing 1 endpoint(s) beneath base path '/actuator'
2023-02-16 17:01:16.915  INFO 49009 --- [main] o.s.b.w.embedded.tomcat.TomcatWebServer  : Tomcat started on port(s): 8080 (http) with context path ''
2023-02-16 17:01:16.923  INFO 49009 --- [main] c.e.shoppingapp.ShoppingAppApplication   : Started ShoppingAppApplication in 1.962 seconds (JVM running for 2.169)
2023-02-16 17:01:17.091  INFO 49009 --- [RMI TCP Connection(2)-192.168.1.79] o.a.c.c.C.[Tomcat].[localhost].[/]       : Initializing Spring DispatcherServlet 'dispatcherServlet'
2023-02-16 17:01:17.092  INFO 49009 --- [RMI TCP Connection(2)-192.168.1.79] o.s.web.servlet.DispatcherServlet        : Initializing Servlet 'dispatcherServlet'
2023-02-16 17:01:17.093  INFO 49009 --- [RMI TCP Connection(2)-192.168.1.79] o.s.web.servlet.DispatcherServlet        : Completed initialization in 1 ms
2023-02-16 17:06:48.980  INFO 49072 --- [main] c.e.shoppingapp.ShoppingAppApplication   : Starting ShoppingAppApplication using Java 18 on ShiyideMBP.attlocal.net with PID 49072 (/Users/shiyi/Desktop/B_hw/Week4Day5 - Shiyi Zhang/ShoppingApp/target/classes started by shiyi in /Users/shiyi/Desktop/B_hw/Week4Day5 - Shiyi Zhang/ShoppingApp)
2023-02-16 17:06:48.982  INFO 49072 --- [main] c.e.shoppingapp.ShoppingAppApplication   : No active profile set, falling back to 1 default profile: "default"
2023-02-16 17:06:49.627  INFO 49072 --- [main] o.s.b.w.embedded.tomcat.TomcatWebServer  : Tomcat initialized with port(s): 8080 (http)
2023-02-16 17:06:49.631  INFO 49072 --- [main] o.apache.catalina.core.StandardService   : Starting service [Tomcat]
2023-02-16 17:06:49.631  INFO 49072 --- [main] org.apache.catalina.core.StandardEngine  : Starting Servlet engine: [Apache Tomcat/9.0.65]
2023-02-16 17:06:49.669  INFO 49072 --- [main] o.a.c.c.C.[Tomcat].[localhost].[/]       : Initializing Spring embedded WebApplicationContext
2023-02-16 17:06:49.669  INFO 49072 --- [main] w.s.c.ServletWebServerApplicationContext : Root WebApplicationContext: initialization completed in 663 ms
2023-02-16 17:06:49.771  WARN 49072 --- [main] JpaBaseConfiguration$JpaWebConfiguration : spring.jpa.open-in-view is enabled by default. Therefore, database queries may be performed during view rendering. Explicitly configure spring.jpa.open-in-view to disable this warning
2023-02-16 17:06:49.826  INFO 49072 --- [main] org.hibernate.Version                    : HHH000412: Hibernate Core {5.3.14.Final}
2023-02-16 17:06:49.827  INFO 49072 --- [main] org.hibernate.cfg.Environment            : HHH000206: hibernate.properties not found
2023-02-16 17:06:49.901  INFO 49072 --- [main] o.hibernate.annotations.common.Version   : HCANN000001: Hibernate Commons Annotations {5.0.4.Final}
2023-02-16 17:06:50.004  INFO 49072 --- [main] org.hibernate.dialect.Dialect            : HHH000400: Using dialect: org.hibernate.dialect.MySQLDialect
2023-02-16 17:06:50.596  INFO 49072 --- [main] o.s.s.web.DefaultSecurityFilterChain     : Will secure any request with [org.springframework.security.web.session.DisableEncodeUrlFilter@7a78d2aa, org.springframework.security.web.context.request.async.WebAsyncManagerIntegrationFilter@254d8ef6, org.springframework.security.web.context.SecurityContextPersistenceFilter@56b48163, org.springframework.security.web.header.HeaderWriterFilter@51efdb72, org.springframework.security.web.authentication.logout.LogoutFilter@2ba0b95f, com.example.shoppingapp.security.JwtFilter@4dd90166, org.springframework.security.web.savedrequest.RequestCacheAwareFilter@5eae392d, org.springframework.security.web.servletapi.SecurityContextHolderAwareRequestFilter@6e22d6bf, org.springframework.security.web.authentication.AnonymousAuthenticationFilter@2a9e7b4d, org.springframework.security.web.session.SessionManagementFilter@49322d04, org.springframework.security.web.access.ExceptionTranslationFilter@7164e28a, org.springframework.security.web.access.intercept.FilterSecurityInterceptor@3c5bb37d]
2023-02-16 17:06:50.604  INFO 49072 --- [main] o.s.b.a.e.web.EndpointLinksResolver      : Exposing 1 endpoint(s) beneath base path '/actuator'
2023-02-16 17:06:50.626  INFO 49072 --- [main] o.s.b.w.embedded.tomcat.TomcatWebServer  : Tomcat started on port(s): 8080 (http) with context path ''
2023-02-16 17:06:50.635  INFO 49072 --- [main] c.e.shoppingapp.ShoppingAppApplication   : Started ShoppingAppApplication in 1.808 seconds (JVM running for 2.049)
2023-02-16 17:06:50.759  INFO 49072 --- [RMI TCP Connection(2)-192.168.1.79] o.a.c.c.C.[Tomcat].[localhost].[/]       : Initializing Spring DispatcherServlet 'dispatcherServlet'
2023-02-16 17:06:50.759  INFO 49072 --- [RMI TCP Connection(2)-192.168.1.79] o.s.web.servlet.DispatcherServlet        : Initializing Servlet 'dispatcherServlet'
2023-02-16 17:06:50.760  INFO 49072 --- [RMI TCP Connection(2)-192.168.1.79] o.s.web.servlet.DispatcherServlet        : Completed initialization in 1 ms
2023-02-16 17:06:55.313  INFO 49072 --- [http-nio-8080-exec-2] o.h.h.i.QueryTranslatorFactoryInitiator  : HHH000397: Using ASTQueryTranslatorFactory
2023-02-16 17:06:55.364  INFO 49072 --- [http-nio-8080-exec-2] c.example.shoppingapp.AOP.LoggingAspect  : Seller update the order at: 2023-02-16T17:06:55.363619
